📁 Setting up directories...
   • data\raw
   • data\processed
   • data\output
✅ Directories ready
📂 Loading data from varejo.csv...
✅ 830000 records loaded (14 columns)

🔍 Exploring data structure...

   DataFrame summary:
<class 'pandas.DataFrame'>
RangeIndex: 830000 entries, 0 to 829999
Data columns (total 14 columns):
 #   Column       Non-Null Count   Dtype  
---  ------       --------------   -----  
 0   DATA         830000 non-null  str    
 1   CO_ID        830000 non-null  int64  
 2   CL_ID        830000 non-null  int64  
 3   CL_GENERO    830000 non-null  str    
 4   CL_EC        830000 non-null  int64  
 5   CL_FHL       830000 non-null  int64  
 6   CL_SEG       830000 non-null  str    
 7   PR_ID        830000 non-null  int64  
 8   PR_CAT       830000 non-null  str    
 9   PR_NOME      830000 non-null  str    
 10  Unnamed: 10  0 non-null       float64
 11  Unnamed: 11  0 non-null       float64
 12  Unnamed: 12  0 non-null       float64
 13  Unnamed: 13  0 non-null       float64
dtypes: float64(4), int64(5), str(5)
memory usage: 88.7 MB

   First rows:
         DATA  CO_ID  CL_ID CL_GENERO  CL_EC  CL_FHL CL_SEG  PR_ID     PR_CAT               PR_NOME  Unnamed: 10  Unnamed: 11  Unnamed: 12  Unnamed: 13
0  01/02/2019   1000    534         M      4       1      C     67    BEBIDAS  REFRIGERANTE GUARANA          NaN          NaN          NaN          NaN
1  01/02/2019   1000    534         M      4       1      C     70    BEBIDAS   REFRIGERANTE OUTROS          NaN          NaN          NaN          NaN
2  01/02/2019   1000    534         M      4       1      C    178    HIGIENE       LENCO UMEDECIDO          NaN          NaN          NaN          NaN
3  01/02/2019   1000    534         M      4       1      C      4  ALIMENTOS               ABACAXI          NaN          NaN          NaN          NaN
4  01/02/2019   1000    534         M      4       1      C    175    LIMPEZA     LIMPADOR MULTIUSO          NaN          NaN          NaN          NaN

✅ Exploration complete

🗑️  Removing empty columns...
   • 4 column(s) removed
   • Before: 14 | After: 10

✅ Cleanup complete

🔍 Checking missing values...

   [1/2] NaN values (pandas nulls):
   Total: 0

   [2/2] Text markers of absence:
      '#N/D': 7300

✅ Check complete

📌 Using markers: ['#N/D']

🔍 Investigating '#N/D' in 'PR_CAT'...

   [1/5] Overview:
   • Total records: 830,000
   • Records with missing category: 3,650
   • Percentage of total: 0.44%
   • Unique PR_ID: 1

   [2/5] Sample of affected records:
      DATA  CO_ID  CL_ID  PR_ID PR_CAT PR_NOME
01/02/2019   1078    290    107   #N/D    #N/D
01/02/2019   1103    957    107   #N/D    #N/D
01/02/2019   1482    453    107   #N/D    #N/D
01/02/2019   1683    438    107   #N/D    #N/D
01/02/2019   1793    608    107   #N/D    #N/D

   [3/5] Breakdown by marker in 'PR_CAT':
   • '#N/D': 3,650 (0.44%)

   [4/5] All columns with any marker:
   • PR_CAT: 3,650
   • PR_NOME: 3,650

   [5/5] PR_ID by missing percentage:
   • PR_ID with 100% missing: 1
     → 3,650 lines (0.44%)
   • PR_ID with partial missing: 0
     → 0 lines (0.00%)

✅ Investigation complete

   📊 Missing ('#N/D') by 'DATA':
   • 22/01/2022: 36 (1.0%)
   • 01/02/2021: 29 (0.8%)
   • 25/02/2020: 26 (0.7%)
   • 21/08/2020: 26 (0.7%)
   • 17/10/2021: 26 (0.7%)
   • 17/01/2021: 25 (0.7%)
   • 15/04/2019: 24 (0.7%)
   • 15/01/2022: 24 (0.7%)
   • 31/01/2022: 24 (0.7%)
   • 02/05/2022: 24 (0.7%)

   ✅ Distributed across multiple values

   📊 Missing ('#N/D') by 'CO_ID':
   • 641467: 4 (0.1%)
   • 26080: 3 (0.1%)
   • 73950: 3 (0.1%)
   • 90968: 3 (0.1%)
   • 102723: 3 (0.1%)
   • 108815: 3 (0.1%)
   • 128986: 3 (0.1%)
   • 214637: 3 (0.1%)
   • 236011: 3 (0.1%)
   • 242315: 3 (0.1%)

   ✅ Distributed across multiple values

   📊 Missing ('#N/D') by 'CL_SEG':
   • B: 2,330 (63.8%)
   • C: 1,031 (28.2%)
   • A: 289 (7.9%)

   ⚠️  Concentrated in 'B' (63.8%)

   📦 Analyzing ('#N/D') by 'PR_ID':

   Top 10 PR_ID by missing count:
   • 107: 3,650/3,650 (100% missing)

   Summary:
   • PR_ID with 100% missing: 1
     → 3,650 lines (0.44%)
   • PR_ID with partial missing: 0
     → 0 lines (0.00%)

🧠 Deciding missing value strategy...

   • Missing percentage: 0.44%
   • Products with partial missing: 0
   • Threshold: 5.0%

   ✅ Strategy: FILL_UNKNOWN
   • Reason: Missing < 5.0%, but prefer_fill=True

🛠️  Handling missing category (strategy: fill_unknown)...
   • Filled 3,650 records with 'Sem Categoria'
   • Lines before: 830,000
   • Lines after: 830,000

✅ Handling complete

🛠️  Handling NaN values (strategy: auto)...
   ✅ No NaN values found

🛠️  Handling text markers (strategy: replace)...
   • Replaced 3,650 '#N/D' with 'Sem Categoria'
   • Total markers handled: 3,650
   • Rows before: 830,000
   • Rows after: 830,000

✅ Handling complete

🔍 Final validation...

   Cleanup was already applied. Confirming nothing was left behind.

   • Columns to check: 10
   • Markers to search: ['#N/D', 'N/A', 'null', 'None', '-', '?']

   ✅ Cleanup successful: no missing values remain

✅ Validation complete

📅 Converting 'DATA' to datetime...
   • Original dtype: str
   • Sample: 01/02/2019
   • Expected format: %d/%m/%Y
   • New dtype: datetime64[us]

✅ Conversion complete

🔍 Validating dates in 'DATA'...

   [1/4] Invalid dates (NaT):
   • Total: 0

   [2/4] Period:
   • Earliest: 2019-01-04 00:00:00
   • Latest: 2022-12-08 00:00:00

   [3/4] Future dates:
   • Count: 0

   [4/4] Dates before 2000:
   • Count: 0

   ✅ All dates are valid

✅ Validation complete

🛠️  Handling invalid dates (strategy: auto)...
   ✅ No invalid dates to handle

📅 Extracting date parts from 'DATA'...
   • Created columns: YEAR, MONTH, WEEKDAY
   • Years: [2019, 2020, 2021, 2022]
   • Months: [1, 2, 3, 4, 5, 6, 7, 8, 9, 10, 11, 12]

✅ Extraction complete

🔍 Checking duplicates...

   [1/2] Complete duplicates (all columns):
   • Count: 96,553 (11.63%)
   • Sample:
            DATA  CO_ID  CL_ID CL_GENERO  CL_EC  CL_FHL CL_SEG  PR_ID    PR_CAT            PR_NOME  YEAR  MONTH  WEEKDAY
      2019-02-01   1000    534         M      4       1      C      4 ALIMENTOS            ABACAXI  2019      2        4
      2019-02-01   1000    534         M      4       1      C     11 ALIMENTOS             AZEITE  2019      2        4
      2019-02-01   1000    534         M      4       1      C     13 ALIMENTOS             BANANA  2019      2        4
      2019-02-01   1000    534         M      4       1      C    218 ALIMENTOS BIFE DE COXAO MOLE  2019      2        4
      2019-02-01   1000    534         M      4       1      C     13 ALIMENTOS             BANANA  2019      2        4

   [2/2] Duplicates by key ['DATA', 'CO_ID', 'PR_ID']:
   • Count: 96,553 (11.63%)
   • Sample:
            DATA  CO_ID  CL_ID CL_GENERO  CL_EC  CL_FHL CL_SEG  PR_ID    PR_CAT        PR_NOME  YEAR  MONTH  WEEKDAY
      2019-01-04  48152    745         F      1       2      B     29 ALIMENTOS         FEIJAO  2019      1        4
      2019-01-04  48152    745         F      1       2      B     29 ALIMENTOS         FEIJAO  2019      1        4
      2019-01-04  48152    745         F      1       2      B     65   BEBIDAS     ENERGETICO  2019      1        4
      2019-01-04  48152    745         F      1       2      B     65   BEBIDAS     ENERGETICO  2019      1        4
      2019-01-04  48152    745         F      1       2      B    151   HIGIENE PROTETOR SOLAR  2019      1        4

✅ Check complete

📊 Creating 'QUANTITY' column...
   • Grouping by: 13 columns
   • Lines before: 830,000
   • Lines after: 733,447
   • Lines grouped: 96,553
   • Reduction: 11.63%

   • QUANTITY stats:
      - Min: 1
      - Max: 6
      - Mean: 1.13
      - Median: 1

✅ Column created

🔍 Validating 'QUANTITY' column...
   • Records: 733,447
   • Sum of QUANTITY: 830,000
   • Original lines: 830,000
   • ✅ Match: True

   • Distribution (top 5 + rest):
      - 1: 645,670 (88.03%)
      - 2: 79,608 (10.85%)
      - 3: 7,601 (1.04%)
      - 4: 532 (0.07%)
      - 5: 33 (0.00%)
      - 6+: 3 (0.00%)

   ✅ All values are positive

✅ Validation complete

💾 Saving final data to varejo_final.csv...
   • Rows: 733,447
   • Columns: 14
   • Path: data\processed\varejo_final.csv
✅ Save complete

📈 Analyzing sales by month...

   • Sales by month:
      - Janeiro: 83,963 (10.1%)
      - Fevereiro: 76,201 (9.2%)
      - Março: 64,371 (7.8%)
      - Abril: 66,935 (8.1%)
      - Maio: 82,275 (9.9%)
      - Junho: 67,808 (8.2%)
      - Julho: 68,983 (8.3%)
      - Agosto: 65,609 (7.9%)
      - Setembro: 68,594 (8.3%)
      - Outubro: 73,900 (8.9%)
      - Novembro: 40,912 (4.9%)
      - Dezembro: 70,449 (8.5%)

   • 🏆 Best month: Janeiro (83,963)
   • 📉 Worst month: Novembro (40,912)
   • Total: 830,000

✅ Analysis complete

📅 Analyzing sales by year...

   • Sales by year:
      - 2019: 199,036 (24.0%)
      - 2020: 218,367 (26.3%)
      - 2021: 245,259 (29.5%)
      - 2022: 167,338 (20.2%)

   • 🏆 Best year: 2021 (245,259)
   • 📉 Worst year: 2022 (167,338)
   • Total: 830,000

✅ Analysis complete

📅 Analyzing data coverage by year...

   • Records per year:
      - 2019: 176,103 (24.0%)
      - 2020: 192,804 (26.3%)
      - 2021: 216,813 (29.6%)
      - 2022: 147,727 (20.1%)

   🟡 Some years have fewer records

✅ Analysis complete

🏆 Analyzing top 10 products...

   • Top 10 products:
       1. PRESUNTO COZIDO: 14,381 (1.73%)
       2. SARDINHA: 7,490 (0.90%)
       3. GEL: 7,399 (0.89%)
       4. BANANA: 7,385 (0.89%)
       5. DESENGORDURANTE: 7,378 (0.89%)
       6. MODELADOR: 7,363 (0.89%)
       7. BIFE DE COXAO MOLE: 7,355 (0.89%)
       8. REMOVEDOR: 7,350 (0.89%)
       9. ESCOVA DE DENTE: 7,346 (0.89%)
      10. PAPINHA INFANTIL: 7,346 (0.89%)

✅ Analysis complete

📊 Analyzing top categories...

   • Sales by category:
      - ALIMENTOS: 434,767 (52.4%)
      - HIGIENE: 155,574 (18.7%)
      - LIMPEZA: 145,754 (17.6%)
      - BEBIDAS: 43,299 (5.2%)
      - PET: 32,399 (3.9%)
      - ACESSORIOS: 14,557 (1.8%)
      - Sem Categoria: 3,650 (0.4%)

✅ Analysis complete

👥 Analyzing sales by gender...

   • Quantity by gender:
      - F: 432,576 (52.1%)
      - M: 397,424 (47.9%)

   • Purchases by gender:
      - F: 9,615 (52.1%)
      - M: 8,856 (47.9%)

✅ Analysis complete

📊 Analyzing sales by segment...

   • Quantity by segment:
      - B: 530,163 (63.9%)
      - C: 232,101 (28.0%)
      - A: 67,736 (8.2%)

✅ Analysis complete

🛍️  Analyzing top 5 products by gender...

   • Top 5 products for F:
      1. PRESUNTO COZIDO: 7,457
      2. SARDINHA: 3,923
      3. DETERGENTE: 3,912
      4. CHUPETA: 3,903
      5. REMOVEDOR: 3,885

   • Top 5 products for M:
      1. PRESUNTO COZIDO: 6,924
      2. BANANA: 3,648
      3. REFRIGERANTE OUTROS: 3,608
      4. PRESERVATIVO: 3,600
      5. BIFE DE COXAO MOLE: 3,586

✅ Analysis complete

🔬 Analyzing concentration of 'PRESUNTO COZIDO'...

   • Total quantity: 14,381
   • Unique customers: 1,000
   • Unique purchases: 9,179
   • Average quantity per customer: 14.38

   • Top 5 customers:
      1. Customer 369: 35 (0.24%)
      2. Customer 79: 35 (0.24%)
      3. Customer 3: 33 (0.23%)
      4. Customer 485: 32 (0.22%)
      5. Customer 638: 32 (0.22%)

   • Top 5 customers represent 1.2% of total

   ✅ Well distributed across customers

✅ Analysis complete

🛒 Analyzing purchase size...

   • Total items: 830,000
   • Total purchases: 18,471
   • Average items per purchase: 44.94
   • Median items per purchase: 45
   • Max items in one purchase: 89
   • Min items in one purchase: 1

   • Distribution by ranges:
      - 1-5 items: 1,015 purchases (5.5%)
      - 6-10 items: 1,055 purchases (5.7%)
      - 11-20 items: 2,094 purchases (11.3%)
      - 21-50 items: 6,229 purchases (33.7%)
      - 51-100 items: 8,078 purchases (43.7%)

✅ Analysis complete

👨‍👩‍👧  Analyzing number of children (CL_FHL)...

   • Statistics:
      - Mean:     1.15
      - Median:   0
      - Mode:     0
      - Std:      1.42
      - Max:      4
      - Min:      0
      - Count:    733,447

   • Quartiles:
      - 25%: 0
      - 50%: 0
      - 75%: 2

   • Distribution:
      - 0 children: 384,986 (52.5%)
      - 1 children: 90,845 (12.4%)
      - 2 children: 94,168 (12.8%)
      - 3 children: 92,407 (12.6%)
      - 4 children: 71,041 (9.7%)

✅ Analysis complete

📆 Analyzing sales by day of week...

   • Sales by weekday:
      - Segunda: 111,786 (13.5%)
      - Terça: 101,656 (12.2%)
      - Quarta: 153,560 (18.5%)
      - Quinta: 105,474 (12.7%)
      - Sexta: 132,633 (16.0%)
      - Sábado: 94,388 (11.4%)
      - Domingo: 130,503 (15.7%)

   • 🏆 Best day: Quarta (153,560)
   • 📉 Worst day: Sábado (94,388)
   • Total: 830,000

✅ Analysis complete

📊 Analyzing customer Pareto (80/20)...

   • Total customers: 1,000
   • Total quantity: 830,000

   • 708 customers (70.8%)
     account for 80% of sales

   • Interpretation:
     ✅ Well distributed across customers

   • Top 10 customers:
       1. Customer 822: 1,777 (0.21%)
       2. Customer 485: 1,647 (0.20%)
       3. Customer 369: 1,531 (0.18%)
       4. Customer 397: 1,509 (0.18%)
       5. Customer 971: 1,497 (0.18%)
       6. Customer 122: 1,465 (0.18%)
       7. Customer 110: 1,432 (0.17%)
       8. Customer 422: 1,428 (0.17%)
       9. Customer 826: 1,415 (0.17%)
      10. Customer 3: 1,406 (0.17%)

✅ Analysis complete

🎟️  Analyzing average ticket by 'CL_SEG'...

   • Average ticket by CL_SEG:

      - A:
          • Total quantity: 67,736
          • Purchases: 1,492
          • Average ticket: 45.40
          • Median ticket: 45
          • Max ticket: 89

      - B:
          • Total quantity: 530,163
          • Purchases: 11,843
          • Average ticket: 44.77
          • Median ticket: 44
          • Max ticket: 89

      - C:
          • Total quantity: 232,101
          • Purchases: 5,136
          • Average ticket: 45.19
          • Median ticket: 45
          • Max ticket: 89

   • 🏆 Highest average ticket: A (45.40)

✅ Analysis complete

🎟️  Analyzing average ticket by 'CL_GENERO'...

   • Average ticket by CL_GENERO:

      - F:
          • Total quantity: 432,576
          • Purchases: 9,615
          • Average ticket: 44.99
          • Median ticket: 45
          • Max ticket: 89

      - M:
          • Total quantity: 397,424
          • Purchases: 8,856
          • Average ticket: 44.88
          • Median ticket: 45
          • Max ticket: 89

   • 🏆 Highest average ticket: F (44.99)

✅ Analysis complete

📊 Analyzing 'PR_CAT' × 'CL_SEG'...

   • Quantity by category × segment:
      CL_SEG             A       B       C   TOTAL
      PR_CAT                                      
      ALIMENTOS      35292  277781  121694  434767
      HIGIENE        12844   99390   43340  155574
      LIMPEZA        11915   93016   40823  145754
      BEBIDAS         3601   27554   12144   43299
      PET             2620   20858    8921   32399
      ACESSORIOS      1175    9234    4148   14557
      Sem Categoria    289    2330    1031    3650

   • 🏆 Top segment overall: B (530,163)

✅ Analysis complete

📊 Plotting sales by month...
   • Path: data\output\grafico_sazonalidade.png
   ✅ Chart saved

📊 Plotting seasonality heatmap (seaborn)...
   • Path: data\output\grafico_heatmap_sazonalidade.png
   ✅ Chart saved

📊 Plotting top 10 products...
   • Path: data\output\grafico_top_produtos.png
   ✅ Chart saved

📊 Plotting categories...
   • Path: data\output\grafico_categorias.png
   ✅ Chart saved

📊 Plotting sales by gender...
   • Path: data\output\grafico_genero.png
   ✅ Chart saved

📊 Plotting sales by segment...
   • Path: data\output\grafico_segmento.png
   ✅ Chart saved

📊 Plotting sales by weekday...
   • Path: data\output\grafico_dia_semana.png
   ✅ Chart saved

📊 Plotting customer Pareto curve...
   • Path: data\output\grafico_pareto_clientes.png
   ✅ Chart saved

📊 Plotting heatmap 'PR_CAT' × 'CL_SEG'...
   • Path: data\output\grafico_heatmap_categoria_segmento.png
   ✅ Chart saved

📊 Plotting sales by year...
   • Path: data\output\grafico_ano.png
   ✅ Chart saved

📊 Plotting purchase size distribution...
   • Path: data\output\grafico_tamanho_compra.png
   ✅ Chart saved

📊 Plotting children distribution...
   • Path: data\output\grafico_filhos.png
   ✅ Chart saved

📊 Plotting customer scatter...

🔵 Analyzing customer frequency × ticket...

   • Customers: 1,000
   • Median frequency: 18 purchases
   • Median ticket: 45.09 items

   • Quadrants:
      - VIP (muitas + alto ticket): 293 (29.3%)
      - Frequente baixo ticket:     281 (28.1%)
      - Ocasional alto ticket:      207 (20.7%)
      - Esporádico:                 219 (21.9%)

✅ Analysis complete
   • Path: data\output\grafico_scatter_cliente.png
   ✅ Chart saved

🎉 Analysis complete!

============================================================
📋 CONCLUSIONS
============================================================

    🔍 MAIN INSIGHTS:
    =========================
    1. Top product: PRESUNTO COZIDO (14,381 units)
    2. Top category: ALIMENTOS (434,767 units)
    3. Best month: Janeiro (83,963 units)
    4. Best year: 2021 (245,259 units)
    5. Main gender: F (432,576 units)
    6. Main segment: B (530,163 units)

    🛍️  GENDER PREFERENCES:
    =========================
    • Women (F) top products: 
        1. PRESUNTO COZIDO
        2. SARDINHA
        3. DETERGENTE
        4. CHUPETA
        5. REMOVEDOR
    • Men (M) top products: 
        1. PRESUNTO COZIDO
        2. BANANA
        3. REFRIGERANTE OUTROS
        4. PRESERVATIVO
        5. BIFE DE COXAO MOLE
    • Insight: Women prefer cleaning/children items, men prefer beverages/meat

    🛒 PURCHASE SIZE:
    =========================
    • Total purchases: 18,471
    • Average items per purchase: 44.94
    • Median items per purchase: 45
    • Max items in one purchase: 89

    📊 DATA QUALITY NOTES:
    =========================
    • The '#N/D' missing values were ALL from a single product (PR_ID = 107)
    • This product had no name and no category registered
    • It was filled with 'Sem Categoria' (0.44% of total records)
    ⚠️  RECOMMENDATION: Complete the registration of product 107 
    in the source database (needs name and category).

    📅 DATA COVERAGE BY YEAR:
    =========================
    • Records per year: 
        - 2019: 176,103
        - 2020: 192,804
        - 2021: 216,813
        - 2022: 147,727
    • Verdict: MODERATE
    • Note: 2022 has fewer records

    🎯 PRODUCT CONCENTRATION:
    =========================
    Top product (PRESUNTO COZIDO):
    • Sold to 1,000 unique customers
    • Across 9,179 unique purchases
    • Top 5 customers represent 1.2% of total
    • Verdict: DISTRIBUTED

     📊 CUSTOMER PARETO (80/20):
    =========================
    • Principle: ~80% of sales come from a minority of customers
    • In this dataset: 70.8% of customers account for 80% of sales
    • Verdict: LOW

    📆 WEEKDAY PATTERN:
    =========================
    • Best day: Quarta (153,560 items)
    • Worst day: Sábado (94,388 items)
    • Insight: sales concentrate on specific days → staffing and
      promotions can be targeted to those days

    🎟️ TICKET BY SEGMENT:
    =========================
    • Highest average ticket: A (45.40 items)
    • Lowest average ticket: B (44.77 items)
    • Insight: segments differ in how much they buy per visit,
      even if they buy similar total volume

    🎟️ TICKET BY GENDER:
    =========================
    • Highest average ticket: F (44.99 items)
    • Lowest average ticket: M (44.88 items)

    🔀 CATEGORY × SEGMENT:
    =========================
    • Top segment overall: B
    • Insight: reveals which segments drive demand for each category,
      enabling targeted assortment decisions
    
    ⚠️  LIMITATIONS:
    =========================
    1. No price column → no revenue analysis
    2. QUANTITY was inferred from duplicates
    3. 2022 has fewer records

    📌 RECOMMENDATIONS:
    =========================
    1. Get price data for financial analysis
    2. Validate duplicates with data source
    3. Investigate 2022 data gap
    
