📁 Setting up directories...
   • data\raw
   • data\processed
   • data\output
✅ Directories ready
📂 Loading data from varejo.csv...
✅ 830000 records loaded (14 columns)

🔍 Exploring data structure...

   DataFrame summary:
<class 'pandas.DataFrame'>
RangeIndex: 830000 entries, 0 to 829999
Data columns (total 14 columns):
 #   Column       Non-Null Count   Dtype  
---  ------       --------------   -----  
 0   DATA         830000 non-null  str    
 1   CO_ID        830000 non-null  int64  
 2   CL_ID        830000 non-null  int64  
 3   CL_GENERO    830000 non-null  str    
 4   CL_EC        830000 non-null  int64  
 5   CL_FHL       830000 non-null  int64  
 6   CL_SEG       830000 non-null  str    
 7   PR_ID        830000 non-null  int64  
 8   PR_CAT       830000 non-null  str    
 9   PR_NOME      830000 non-null  str    
 10  Unnamed: 10  0 non-null       float64
 11  Unnamed: 11  0 non-null       float64
 12  Unnamed: 12  0 non-null       float64
 13  Unnamed: 13  0 non-null       float64
dtypes: float64(4), int64(5), str(5)
memory usage: 88.7 MB

   First rows:
         DATA  CO_ID  CL_ID CL_GENERO  CL_EC  CL_FHL CL_SEG  PR_ID     PR_CAT               PR_NOME  Unnamed: 10  Unnamed: 11  Unnamed: 12  Unnamed: 13
0  01/02/2019   1000    534         M      4       1      C     67    BEBIDAS  REFRIGERANTE GUARANA          NaN          NaN          NaN          NaN
1  01/02/2019   1000    534         M      4       1      C     70    BEBIDAS   REFRIGERANTE OUTROS          NaN          NaN          NaN          NaN
2  01/02/2019   1000    534         M      4       1      C    178    HIGIENE       LENCO UMEDECIDO          NaN          NaN          NaN          NaN
3  01/02/2019   1000    534         M      4       1      C      4  ALIMENTOS               ABACAXI          NaN          NaN          NaN          NaN
4  01/02/2019   1000    534         M      4       1      C    175    LIMPEZA     LIMPADOR MULTIUSO          NaN          NaN          NaN          NaN

✅ Exploration complete

🗑️  Removing empty columns...
   • 4 column(s) removed
   • Before: 14 | After: 10

✅ Cleanup complete

🔍 Checking missing values...

   [1/2] NaN values (pandas nulls):
   Total: 0

   [2/2] Text markers of absence:
      '#N/D': 7300

✅ Check complete

📌 Using markers: ['#N/D']

🔍 Investigating '#N/D' in 'PR_CAT'...

   [1/5] Overview:
   • Total records: 830,000
   • Records with missing category: 3,650
   • Percentage of total: 0.44%
   • Unique PR_ID: 1

   [2/5] Sample of affected records:
      DATA  CO_ID  CL_ID  PR_ID PR_CAT PR_NOME
01/02/2019   1078    290    107   #N/D    #N/D
01/02/2019   1103    957    107   #N/D    #N/D
01/02/2019   1482    453    107   #N/D    #N/D
01/02/2019   1683    438    107   #N/D    #N/D
01/02/2019   1793    608    107   #N/D    #N/D

   [3/5] Breakdown by marker in 'PR_CAT':
   • '#N/D': 3,650 (0.44%)

   [4/5] All columns with any marker:
   • PR_CAT: 3,650
   • PR_NOME: 3,650

   [5/5] PR_ID by missing percentage:
   • PR_ID with 100% missing: 1
     → 3,650 lines (0.44%)
   • PR_ID with partial missing: 0
     → 0 lines (0.00%)

✅ Investigation complete

   📊 Missing ('#N/D') by 'DATA':
   • 22/01/2022: 36 (1.0%)
   • 01/02/2021: 29 (0.8%)
   • 25/02/2020: 26 (0.7%)
   • 21/08/2020: 26 (0.7%)
   • 17/10/2021: 26 (0.7%)
   • 17/01/2021: 25 (0.7%)
   • 15/04/2019: 24 (0.7%)
   • 15/01/2022: 24 (0.7%)
   • 31/01/2022: 24 (0.7%)
   • 02/05/2022: 24 (0.7%)

   ✅ Distributed across multiple values

   📊 Missing ('#N/D') by 'CO_ID':
   • 641467: 4 (0.1%)
   • 26080: 3 (0.1%)
   • 73950: 3 (0.1%)
   • 90968: 3 (0.1%)
   • 102723: 3 (0.1%)
   • 108815: 3 (0.1%)
   • 128986: 3 (0.1%)
   • 214637: 3 (0.1%)
   • 236011: 3 (0.1%)
   • 242315: 3 (0.1%)

   ✅ Distributed across multiple values

   📊 Missing ('#N/D') by 'CL_SEG':
   • B: 2,330 (63.8%)
   • C: 1,031 (28.2%)
   • A: 289 (7.9%)

   ⚠️  Concentrated in 'B' (63.8%)

   📦 Analyzing ('#N/D') by 'PR_ID':

   Top 10 PR_ID by missing count:
   • 107: 3,650/3,650 (100% missing)

   Summary:
   • PR_ID with 100% missing: 1
     → 3,650 lines (0.44%)
   • PR_ID with partial missing: 0
     → 0 lines (0.00%)

🧠 Deciding missing value strategy...

   • Missing percentage: 0.44%
   • Products with partial missing: 0
   • Threshold: 5.0%

   ✅ Strategy: REMOVE
   • Reason: Missing < 5.0%, removing is safe

🛠️  Handling missing category (strategy: remove)...
   • Removed 3,650 records
   • Lines before: 830,000
   • Lines after: 826,350

✅ Handling complete

🛠️  Handling NaN values (strategy: auto)...
   ✅ No NaN values found

🛠️  Handling text markers (strategy: replace)...
   ✅ No markers found

✅ Handling complete

🔍 Final validation...

   Cleanup was already applied. Confirming nothing was left behind.

   • Columns to check: 10
   • Markers to search: ['#N/D', 'N/A', 'null', 'None', '-', '?']

   ✅ Cleanup successful: no missing values remain

✅ Validation complete

📅 Converting 'DATA' to datetime...
   • Original dtype: str
   • Sample: 01/02/2019
   • Expected format: %d/%m/%Y
   • New dtype: datetime64[us]

✅ Conversion complete

🔍 Validating dates in 'DATA'...

   [1/4] Invalid dates (NaT):
   • Total: 0

   [2/4] Period:
   • Earliest: 2019-01-04 00:00:00
   • Latest: 2022-12-08 00:00:00

   [3/4] Future dates:
   • Count: 0

   [4/4] Dates before 2000:
   • Count: 0

   ✅ All dates are valid

✅ Validation complete

🛠️  Handling invalid dates (strategy: auto)...
   ✅ No invalid dates to handle

📅 Extracting date parts from 'DATA'...
   • Created columns: YEAR, MONTH
   • Years: [2019, 2020, 2021, 2022]
   • Months: [1, 2, 3, 4, 5, 6, 7, 8, 9, 10, 11, 12]

✅ Extraction complete

🔍 Checking duplicates...

   [1/2] Complete duplicates (all columns):
   • Count: 96,131 (11.63%)
   • Sample:
            DATA  CO_ID  CL_ID CL_GENERO  CL_EC  CL_FHL CL_SEG  PR_ID    PR_CAT            PR_NOME  YEAR  MONTH
      2019-02-01   1000    534         M      4       1      C      4 ALIMENTOS            ABACAXI  2019      2
      2019-02-01   1000    534         M      4       1      C     11 ALIMENTOS             AZEITE  2019      2
      2019-02-01   1000    534         M      4       1      C     13 ALIMENTOS             BANANA  2019      2
      2019-02-01   1000    534         M      4       1      C    218 ALIMENTOS BIFE DE COXAO MOLE  2019      2
      2019-02-01   1000    534         M      4       1      C     13 ALIMENTOS             BANANA  2019      2

   [2/2] Duplicates by key ['DATA', 'CO_ID', 'PR_ID']:
   • Count: 96,131 (11.63%)
   • Sample:
            DATA  CO_ID  CL_ID CL_GENERO  CL_EC  CL_FHL CL_SEG  PR_ID    PR_CAT        PR_NOME  YEAR  MONTH
      2019-01-04  48152    745         F      1       2      B     29 ALIMENTOS         FEIJAO  2019      1
      2019-01-04  48152    745         F      1       2      B     29 ALIMENTOS         FEIJAO  2019      1
      2019-01-04  48152    745         F      1       2      B     65   BEBIDAS     ENERGETICO  2019      1
      2019-01-04  48152    745         F      1       2      B     65   BEBIDAS     ENERGETICO  2019      1
      2019-01-04  48152    745         F      1       2      B    151   HIGIENE PROTETOR SOLAR  2019      1

✅ Check complete

📊 Creating 'QUANTITY' column...
   • Grouping by: 12 columns
   • Lines before: 826,350
   • Lines after: 730,219
   • Lines grouped: 96,131
   • Reduction: 11.63%

   • QUANTITY stats:
      - Min: 1
      - Max: 6
      - Mean: 1.13
      - Median: 1

✅ Column created

🔍 Validating 'QUANTITY' column...
   • Records: 730,219
   • Sum of QUANTITY: 826,350
   • Original lines: 826,350
   • ✅ Match: True

   • Distribution (top 5 + rest):
      - 1: 642,824 (88.03%)
      - 2: 79,265 (10.85%)
      - 3: 7,563 (1.04%)
      - 4: 531 (0.07%)
      - 5: 33 (0.00%)
      - 6+: 3 (0.00%)

   ✅ All values are positive

✅ Validation complete

💾 Saving final data to varejo_final.csv...
   • Rows: 730,219
   • Columns: 13
   • Path: data\processed\varejo_final.csv
✅ Save complete

📈 Analyzing sales by month...

   • Sales by month:
      - Janeiro: 83,587 (10.1%)
      - Fevereiro: 75,856 (9.2%)
      - Março: 64,109 (7.8%)
      - Abril: 66,622 (8.1%)
      - Maio: 81,911 (9.9%)
      - Junho: 67,501 (8.2%)
      - Julho: 68,687 (8.3%)
      - Agosto: 65,296 (7.9%)
      - Setembro: 68,287 (8.3%)
      - Outubro: 73,588 (8.9%)
      - Novembro: 40,749 (4.9%)
      - Dezembro: 70,157 (8.5%)

   • 🏆 Best month: Janeiro (83,587)
   • 📉 Worst month: Novembro (40,749)
   • Total: 826,350

✅ Analysis complete

📅 Analyzing sales by year...

   • Sales by year:
      - 2019: 198,155 (24.0%)
      - 2020: 217,433 (26.3%)
      - 2021: 244,172 (29.5%)
      - 2022: 166,590 (20.2%)

   • 🏆 Best year: 2021 (244,172)
   • 📉 Worst year: 2022 (166,590)
   • Total: 826,350

✅ Analysis complete

📅 Analyzing data coverage by year...

   • Records per year:
      - 2019: 175,325 (24.0%)
      - 2020: 191,978 (26.3%)
      - 2021: 215,850 (29.6%)
      - 2022: 147,066 (20.1%)

   🟡 Some years have fewer records

✅ Analysis complete

🏆 Analyzing top 10 products...

   • Top 10 products:
       1. PRESUNTO COZIDO: 14,381 (1.74%)
       2. SARDINHA: 7,490 (0.91%)
       3. GEL: 7,399 (0.90%)
       4. BANANA: 7,385 (0.89%)
       5. DESENGORDURANTE: 7,378 (0.89%)
       6. MODELADOR: 7,363 (0.89%)
       7. BIFE DE COXAO MOLE: 7,355 (0.89%)
       8. REMOVEDOR: 7,350 (0.89%)
       9. ESCOVA DE DENTE: 7,346 (0.89%)
      10. PAPINHA INFANTIL: 7,346 (0.89%)

✅ Analysis complete

📊 Analyzing top categories...

   • Sales by category:
      - ALIMENTOS: 434,767 (52.6%)
      - HIGIENE: 155,574 (18.8%)
      - LIMPEZA: 145,754 (17.6%)
      - BEBIDAS: 43,299 (5.2%)
      - PET: 32,399 (3.9%)
      - ACESSORIOS: 14,557 (1.8%)

✅ Analysis complete

👥 Analyzing sales by gender...

   • Quantity by gender:
      - F: 430,658 (52.1%)
      - M: 395,692 (47.9%)

   • Purchases by gender:
      - F: 9,614 (52.1%)
      - M: 8,855 (47.9%)

✅ Analysis complete

📊 Analyzing sales by segment...

   • Quantity by segment:
      - B: 527,833 (63.9%)
      - C: 231,070 (28.0%)
      - A: 67,447 (8.2%)

✅ Analysis complete

🛍️  Analyzing top 5 products by gender...

   • Top 5 products for F:
      1. PRESUNTO COZIDO: 7,457
      2. SARDINHA: 3,923
      3. DETERGENTE: 3,912
      4. CHUPETA: 3,903
      5. REMOVEDOR: 3,885

   • Top 5 products for M:
      1. PRESUNTO COZIDO: 6,924
      2. BANANA: 3,648
      3. REFRIGERANTE OUTROS: 3,608
      4. PRESERVATIVO: 3,600
      5. BIFE DE COXAO MOLE: 3,586

✅ Analysis complete

🔬 Analyzing concentration of 'PRESUNTO COZIDO'...

   • Total quantity: 14,381
   • Unique customers: 1,000
   • Unique purchases: 9,179
   • Average quantity per customer: 14.38

   • Top 5 customers:
      1. Customer 369: 35 (0.24%)
      2. Customer 79: 35 (0.24%)
      3. Customer 3: 33 (0.23%)
      4. Customer 485: 32 (0.22%)
      5. Customer 638: 32 (0.22%)

   • Top 5 customers represent 1.2% of total

   ✅ Well distributed across customers

✅ Analysis complete

🛒 Analyzing purchase size...

   • Total items: 826,350
   • Total purchases: 18,469
   • Average items per purchase: 44.74
   • Median items per purchase: 45
   • Max items in one purchase: 89
   • Min items in one purchase: 1

   • Distribution by ranges:
      - 1-5 items: 1,016 purchases (5.5%)
      - 6-10 items: 1,061 purchases (5.7%)
      - 11-20 items: 2,100 purchases (11.4%)
      - 21-50 items: 6,259 purchases (33.9%)
      - 51-100 items: 8,033 purchases (43.5%)

✅ Analysis complete

📊 Plotting sales by month...
   • Path: data\output\grafico_sazonalidade.png
   ✅ Chart saved

📊 Plotting seasonality heatmap (seaborn)...
   • Path: data\output\grafico_heatmap_sazonalidade.png
   ✅ Chart saved

📊 Plotting top 10 products...
   • Path: data\output\grafico_top_produtos.png
   ✅ Chart saved

📊 Plotting categories...
   • Path: data\output\grafico_categorias.png
   ✅ Chart saved

📊 Plotting sales by gender...
   • Path: data\output\grafico_genero.png
   ✅ Chart saved

📊 Plotting sales by segment...
   • Path: data\output\grafico_segmento.png
   ✅ Chart saved

🎉 Analysis complete!

============================================================
📋 CONCLUSIONS
============================================================

    🔍 MAIN INSIGHTS:
    =========================
    1. Top product: PRESUNTO COZIDO (14,381 units)
    2. Top category: ALIMENTOS (434,767 units)
    3. Best month: Janeiro (83,587 units)
    4. Best year: 2021 (244,172 units)
    5. Main gender: F (430,658 units)
    6. Main segment: B (527,833 units)

    🛍️  GENDER PREFERENCES:
    =========================
    • Women (F) top products: 
        1. PRESUNTO COZIDO
        2. SARDINHA
        3. DETERGENTE
        4. CHUPETA
        5. REMOVEDOR
    • Men (M) top products: 
        1. PRESUNTO COZIDO
        2. BANANA
        3. REFRIGERANTE OUTROS
        4. PRESERVATIVO
        5. BIFE DE COXAO MOLE
    • Insight: Women prefer cleaning/children items, men prefer beverages/meat

    🛒 PURCHASE SIZE:
    =========================
    • Total purchases: 18,469
    • Average items per purchase: 44.74
    • Median items per purchase: 45
    • Max items in one purchase: 89

    📊 DATA QUALITY NOTES:
    =========================
    • The '#N/D' missing values were ALL from a single product (PR_ID = 107)
    • This product had no name and no category registered
    • It was removed (only 0.44% of total records)
    ⚠️  RECOMMENDATION: Complete the registration of product 107 
    in the source database (needs name and category).

    📅 DATA COVERAGE BY YEAR:
    =========================
    • Records per year: 
        - 2019: 175,325
        - 2020: 191,978
        - 2021: 215,850
        - 2022: 147,066
    • Verdict: MODERATE
    • Note: 2022 has fewer records

    🎯 PRODUCT CONCENTRATION:
    =========================
    Top product (PRESUNTO COZIDO):
    • Sold to 1,000 unique customers
    • Across 9,179 unique purchases
    • Top 5 customers represent 1.2% of total
    • Verdict: DISTRIBUTED

    ⚠️  LIMITATIONS:
    =========================
    1. No price column → no revenue analysis
    2. QUANTITY was inferred from duplicates
    3. 2022 has fewer records

    📌 RECOMMENDATIONS:
    =========================
    1. Get price data for financial analysis
    2. Validate duplicates with data source
    3. Investigate 2022 data gap
    
